// Jest Snapshot v1, https://goo.gl/fbAQLP

exports[`should render with defaults 1`] = `
<div
  className="message-box"
>
  <i
    className="material-icons"
  >
    
  </i>
  <div
    className="message-box__title"
  >
    Hi
  </div>
  <div
    className="message-box__content"
  >
    Hello there!
  </div>
</div>
`;
