// Jest Snapshot v1, https://goo.gl/fbAQLP

exports[`should render with defaults 1`] = `
<div
  id="search-users-section"
>
  <div
    className="search-box"
    id="seach-users-box"
  >
    <div
      className="search-box__header"
    >
      <input
        className="search-box__field"
        data-text=""
        id="search-users-field"
        name={undefined}
        onBlur={[Function]}
        onChange={[Function]}
        onFocus={[Function]}
        placeholder="Search users by name, department or agency"
        type="text"
      />
      <span
        className="search-box__icon"
        onClick={[Function]}
      >
        <i
          className="material-icons"
        >
          close
        </i>
      </span>
    </div>
  </div>
</div>
`;
