// Jest Snapshot v1, https://goo.gl/fbAQLP

exports[`should render with defaults 1`] = `
<div
  className="user-list"
  id={undefined}
>
  <div
    className="user-list__count"
  >
    <i
      className="material-icons"
    >
      perm_identity
    </i>
    <span
      className="user-list__count__literal"
    />
  </div>
  <div
    className="user-list__users"
  >
    <div
      className="user-strip"
    >
      <div
        className="user-strip__main"
      >
        <div
          className="user-strip__delete-icon user-strip__delete-icon--inactive"
          onClick={[Function]}
        >
          <i
            className="material-icons"
          >
            delete_forever
          </i>
        </div>
        <div
          className="user-strip__expand-icon"
          onClick={[Function]}
        >
          <i
            className="material-icons"
          >
            keyboard_arrow_down
          </i>
        </div>
        <div
          className="user-strip__top-bar"
        >
          <span
            className="user-strip__full-name"
          >
            
          </span>
          <span
            className="user-strip__top-org"
          >
            
          </span>
        </div>
        <div
          className="user-strip__middle-bar"
        >
          <span
            className="user-strip__org"
          >
            
          </span>
        </div>
      </div>
      <div
        className="user-strip__access-levels"
      >
        <div
          className="user-strip__title"
        >
          User Access Levels
        </div>
        <div
          className="user-strip__access-level"
        >
          
        </div>
      </div>
      <div
        className="user-strip__delete-user"
      >
        <div
          className="user-strip__delete-user__confirmation"
        >
          Are you sure want to delete this user?
        </div>
        <div
          className="user-strip__delete-user__buttons"
        >
          <button
            className="user-strip__delete-user__buttons__yes"
            onClick={[Function]}
          >
            Yes
          </button>
          <button
            className="user-strip__delete-user__buttons__no"
            onClick={[Function]}
          >
            No
          </button>
        </div>
      </div>
    </div>
    <div
      className="user-strip"
    >
      <div
        className="user-strip__main"
      >
        <div
          className="user-strip__delete-icon user-strip__delete-icon--inactive"
          onClick={[Function]}
        >
          <i
            className="material-icons"
          >
            delete_forever
          </i>
        </div>
        <div
          className="user-strip__expand-icon"
          onClick={[Function]}
        >
          <i
            className="material-icons"
          >
            keyboard_arrow_down
          </i>
        </div>
        <div
          className="user-strip__top-bar"
        >
          <span
            className="user-strip__full-name"
          >
            
          </span>
          <span
            className="user-strip__top-org"
          >
            
          </span>
        </div>
        <div
          className="user-strip__middle-bar"
        >
          <span
            className="user-strip__org"
          >
            
          </span>
        </div>
      </div>
      <div
        className="user-strip__access-levels"
      >
        <div
          className="user-strip__title"
        >
          User Access Levels
        </div>
        <div
          className="user-strip__access-level"
        >
          
        </div>
      </div>
      <div
        className="user-strip__delete-user"
      >
        <div
          className="user-strip__delete-user__confirmation"
        >
          Are you sure want to delete this user?
        </div>
        <div
          className="user-strip__delete-user__buttons"
        >
          <button
            className="user-strip__delete-user__buttons__yes"
            onClick={[Function]}
          >
            Yes
          </button>
          <button
            className="user-strip__delete-user__buttons__no"
            onClick={[Function]}
          >
            No
          </button>
        </div>
      </div>
    </div>
  </div>
</div>
`;
